// Jest Snapshot v1, https://goo.gl/fbAQLP

exports[`NavBarBrand snapshot 1`] = `
<div>
  <a
    class="h-12 flex items-center space-x-1.5 gap-2 transition-all mr-10 select-none hover:opacity-80"
    href="/welcome"
  >
    <img
      alt="mindstack"
      class="h-auto w-48 select-none"
      data-nimg="1"
      data-testid="NavBarBrandImage"
      decoding="async"
      height="40"
      loading="lazy"
      src="/_next/image?url=%2Fimg.jpg&w=96&q=75"
      srcset="/_next/image?url=%2Fimg.jpg&w=48&q=75 1x, /_next/image?url=%2Fimg.jpg&w=96&q=75 2x"
      style="color: transparent;"
      width="40"
    />
  </a>
</div>
`;
